{
  "contact_summary": "",
  "tasks": {
    "rules": "",
    "schedules": {
      "test": true
    },
    "targets": {}
  },
  "purge": {
    "fn": "function (userCtx, contact, reports, messages) {\n    return reports.filter(r => r.reported_date < 10)\n      .concat(messages.filter(m => m.reported_date < 100))\n      .map(o => o._id);\n  }",
    "run_every_days": 7,
    "cron": "0 0 * * SUN"
  }
}
