{
  "contact_summary": "",
  "tasks": {
    "rules": "",
    "schedules": {
      "test": true
    },
    "targets": {
      "enabled": true,
      "items": [
        {
          "id": "active-pregnancies",
          "type": "count",
          "goal": -1,
          "translation_key": "targets.active_pregnancies.title",
          "subtitle_translation_key": "targets.all_time.subtitle",
          "icon": "pregnancy-1"
        },
        {
          "id": "imm-children-registered-this-month",
          "type": "count",
          "goal": -1,
          "translation_key": "targets.children_registered.title",
          "subtitle_translation_key": "targets.this_month.subtitle",
          "icon": "child",
          "context": "user.parent.use_cases.split(\" \").indexOf(\"imm\") !== -1"
        },
        {
          "id": "dhis-target",
          "type": "count",
          "icon": "icon-follow-up",
          "goal": -1,
          "translation_key": "targets.dhis1.title",
          "subtitle_translation_key": "targets.all_time.subtitle",
          "visible": false
        }
      ]
    }
  }
}
