<?xml version="1.0"?>
<h:html xmlns="http://www.w3.org/2002/xforms" xmlns:ev="http://www.w3.org/2001/xml-events" xmlns:h="http://www.w3.org/1999/xhtml" xmlns:jr="http://openrosa.org/javarosa" xmlns:orx="http://openrosa.org/xforms" xmlns:xsd="http://www.w3.org/2001/XMLSchema">
  <h:head>
    <h:title>New District</h:title>
    <model>
      <instance>
        <data delimiter="#" id="district" prefix="J1!district!" version="2016-04-25">
          <inputs>
            <meta>
              <location>
                <lat/>
                <long/>
                <error/>
                <message/>
              </location>
            </meta>
            <user>
              <facility_id/>
            </user>
            <contact>
              <district_name/>
            </contact>
          </inputs>
          <district_hospital>
            <name/>
          </district_hospital>
          <contact>
            <debug_note/>
            <name/>
          </contact>
          <contact_notes/>
          <meta tag="hidden">
            <instanceID/>
          </meta>
        </data>
      </instance>
      <bind nodeset="/data/inputs/user" relevant="0"/>
      <bind nodeset="/data/inputs/user/facility_id" type="string"/>
      <bind nodeset="/data/inputs/contact/district_name" required="true()" type="string"/>
      <bind nodeset="/data/contact/debug_note" readonly="true()" relevant="0" type="string"/>
      <bind nodeset="/data/contact/name" required="true()" type="string"/>
      <bind nodeset="/data/contact_notes" type="string"/>
      <bind calculate=" /data/inputs/contact/district_name " nodeset="/data/district_hospital/name" type="string"/>
      <bind calculate="concat('uuid:', uuid())" nodeset="/data/meta/instanceID" readonly="true()" type="string"/>
    </model>
  </h:head>
  <h:body>
    <group ref="/data/inputs">
      <group ref="/data/inputs/user">
        <input ref="/data/inputs/user/facility_id">
          <label>Facility ID for the parent user</label>
        </input>
      </group>
      <group appearance="field-list" ref="/data/inputs/contact">
        <label>Branch Information</label>
        <input ref="/data/inputs/contact/district_name">
          <label>Branch Name</label>
        </input>
      </group>
    </group>
    <group appearance="field-list" ref="/data/contact">
      <label>Primary Contact</label>
      <input ref="/data/contact/debug_note">
        <label>DEBUG
User's facility ID: <output value=" /data/inputs/user/facility_id "/></label>
      </input>
      <input ref="/data/contact/name">
        <label>Names</label>
      </input>
    </group>
    <input ref="/data/contact_notes">
      <label>Contact Notes</label>
    </input>
    <group ref="/data/district_hospital"/>
  </h:body>
</h:html>
