{
  "contact_summary": "",
  "tasks": {
    "rules": "",
    "targets": {}
  }
}
