{
  "contact_summary": "",
  "tasks": {
    "rules": "",
    "schedules": {
      "test": true
    },
    "targets": {}
  },
  "purge": {
    "run_every_days": 90,
    "fn": "function(userCtx, contact, reports) {\n  const old = Date.now() - (1000 * 60 * 60 * 24 * 365);\n\n  return reports\n    .filter(r => r.reported_date < old)\n    .map(r => r_.id);\n}\n"
  },
  "purging": {
    "run_every_days": 90
  }
}
