{
  "contact_summary": "",
  "tasks": {
    "rules": "",
    "schedules": {
      "test": true
    },
    "targets": {}
  },
  "purge": {}
}
