
  <model>
    <instance>
        <notedata xmlns:jr="http://openrosa.org/javarosa" xmlns:orx="http://openrosa.org/xforms" delimiter="#" id="note_demo">
          <name/>
          <name_note/>
          <meta>
            <instanceID/>
          </meta>
        </notedata>
      </instance>
  </model>

